
> ipm-frontend@0.1.0 build
> next build

node.exe : 'next' is not recognized as an internal or external command,
At line:1 char:1
+ & "C:\Program Files\nodejs/node.exe" "C:\Program Files\nodejs/node_mo ...
+ ~~~~~~~~~~~~~~~~~~~~~~~~~~~~~~~~~~~~~~~~~~~~~~~~~~~~~~~~~~~~~~~~~~~~~
    + CategoryInfo              : NotSpecifi    ed: ('next' is not     r...ternal comman    d,:String) [], Rem    oteException
    + FullyQualifiedEr    rorId : NativeComm    andError
 
operable program or batch file.
